// Jest Snapshot v1, https://jestjs.io/docs/snapshot-testing

exports[`manifest should extract strings 1`] = `
"[
  "bin/__fixtures__/TestFile.tsx"
]"
`;

exports[`manifest should extract strings 2`] = `
"{
  "ExportDefault$FbtEnum": {
    "id1": "groups",
    "id2": "photos",
    "id3": "videos"
  }
}"
`;
